Microchip MPLAB XC8 Compiler V3.10

Linker command line:

-W-3 \
  --edf=C:\Program Files\Microchip\xc8\v3.10\pic\dat\20250813170317_en.msgs \
  -cn -h+dist/default/production\CAN_ECU2.X.production.sym \
  --cmf=dist/default/production\CAN_ECU2.X.production.cmf -z -Q18F4580 \
  -oC:\Users\anush\AppData\Local\Temp\xcBsabk.1\driver_tmp_3.o \
  --defsym=__MPLAB_BUILD=1 --fixupoverflow=error \
  -Mdist/default/production/CAN_ECU2.X.production.map \
  --md=C:\Users\anush\AppData\Local\Temp\xcBsabk.1\driver_tmp_0.dat -E1 \
  -ver=XC8 Compiler -ACODE=00h-03000h -ACONST=00h-03000h \
  -ASMALLCONST=0600h-06FFhx42,03000h-03000h -AMEDIUMCONST=0600h-03000h \
  -ACOMRAM=01h-05Fh -AABS1=00h-05FFh -ABIGRAM=01h-05FFh \
  -ARAM=060h-0FFh,0100h-01FFhx5 -ABANK0=060h-0FFh -ABANK1=0100h-01FFh \
  -ABANK2=0200h-02FFh -ABANK3=0300h-03FFh -ABANK4=0400h-04FFh \
  -ABANK5=0500h-05FFh -ASFR=0D00h-0DFFhx2,0F00h-0F5Fh,0F60h-0FFFh \
  -ABIGSFR=0D00h-0FFFh -ACONFIG=0300000h-030000Dh -AIDLOC=0200000h-0200007h \
  -AEEDATA=0F00000h-0F000FFh -peeprom_data=EEDATA \
  -preset_vec=00h,intcode=8h,intcodelo=18h,sivt_lo,sivt_hi=CODE \
  -ppowerup=CODE,init -pramtop=0600h -psmallconst=SMALLCONST \
  -pmediumconst=MEDIUMCONST -pconst=CONST -AFARRAM=00h-00h \
  -prdata=COMRAM,nvrram=COMRAM,nvbit=COMRAM,rbss=COMRAM,rbit=COMRAM \
  -pfarbss=FARRAM,fardata=FARRAM,nvFARRAM=FARRAM \
  -pintsave_regs=BIGRAM,bigbss=BIGRAM,bigdata=BIGRAM -pbss=RAM \
  -pidata=CODE,irdata=CODE,ibigdata=CODE,ifardata=CODE -prparam=COMRAM \
  C:\Users\anush\AppData\Local\Temp\xcBsabk.1\driver_tmp_9.o \
  dist/default/production\CAN_ECU2.X.production.o 

Object code version is 3.11

Machine type is 18F4580



                Name                               Link     Load   Length Selector   Space Scale
C:\Users\anush\AppData\Local\Temp\xcBsabk.1\driver_tmp_9.o
                idloc                            200000   200000        8        0       5
                config                           300000   300000        E        0       4
                init                               2FFC     2FFC        4     17FE       0
                reset_vec                             0        0        4        0       0
dist/default/production\CAN_ECU2.X.production.o
                idloc                            200000   200000        8        0       5
                config                           300000   300000        E        0       4
                mediumconst                        2FEC     2FEC       10     17F6       0
                text18                             24D4     24D4       3C     126A       0
                text17                             26EE     26EE       6E     1377       0
                text16                             27CE     27CE       74     13E7       0
                text15                             25D0     25D0       58     12E8       0
                text14                             2C5E     2C5E      38E     162F       0
                text13                             29A4     29A4      106     14D2       0
                text12                             2AAA     2AAA      1B4     1555       0
                text11                             258A     258A       46     12C5       0
                text10                             2628     2628       62     1314       0
                text9                              246A     246A       1C     1235       0
                text8                              2510     2510       3C     1288       0
                text7                              2442     2442        8     1221       0
                text6                              2486     2486       20     1243       0
                text5                              2458     2458       12     122C       0
                text4                              275C     275C       72     13AE       0
                text3                              268A     268A       64     1345       0
                text2                              2842     2842       94     1421       0
                text1                              24A6     24A6       2E     1253       0
                text0                              28D6     28D6       CE     146B       0
                cstackCOMRAM                          1        1       59        1       1
                dataBANK0                            60       60        E       60       1
                dataCOMRAM                           5B       5B        1        1       1
                bssCOMRAM                            5A       5A        1        1       1
                cinit                              254C     254C       3E     12A6       0
                idataBANK0                         244A     244A        E     244A       0
                idataCOMRAM                        3000     3000        1     17FE       0

TOTAL           Name                               Link     Load   Length     Space
        CLASS   CODE           
                init                               2FFC     2FFC        4         0
                reset_vec                             0        0        4         0
                text18                             24D4     24D4       3C         0
                text17                             26EE     26EE       6E         0
                text16                             27CE     27CE       74         0
                text15                             25D0     25D0       58         0
                text14                             2C5E     2C5E      38E         0
                text13                             29A4     29A4      106         0
                text12                             2AAA     2AAA      1B4         0
                text11                             258A     258A       46         0
                text10                             2628     2628       62         0
                text9                              246A     246A       1C         0
                text8                              2510     2510       3C         0
                text7                              2442     2442        8         0
                text6                              2486     2486       20         0
                text5                              2458     2458       12         0
                text4                              275C     275C       72         0
                text3                              268A     268A       64         0
                text2                              2842     2842       94         0
                text1                              24A6     24A6       2E         0
                text0                              28D6     28D6       CE         0
                cinit                              254C     254C       3E         0
                idataBANK0                         244A     244A        E         0
                idataCOMRAM                        3000     3000        1         0

        CLASS   CONST          

        CLASS   SMALLCONST     

        CLASS   MEDIUMCONST    
                mediumconst                        2FEC     2FEC       10         0

        CLASS   COMRAM         
                cstackCOMRAM                          1        1       59         1
                dataCOMRAM                           5B       5B        1         1
                bssCOMRAM                            5A       5A        1         1

        CLASS   ABS1           

        CLASS   BIGRAM         

        CLASS   RAM            

        CLASS   BANK0          
                dataBANK0                            60       60        E         1

        CLASS   BANK1          

        CLASS   BANK2          

        CLASS   BANK3          

        CLASS   BANK4          

        CLASS   BANK5          

        CLASS   SFR            

        CLASS   BIGSFR         

        CLASS   CONFIG         
                config                           300000   300000        E         4

        CLASS   IDLOC          
                idloc                            200000   200000        8         5

        CLASS   EEDATA         

        CLASS   FARRAM         

        CLASS   HEAP           

        CLASS   STACK          



SEGMENTS        Name                           Load    Length   Top    Selector   Space  Class

                reset_vec                      000000  000004  000004         0       0  CODE    
                cstackCOMRAM                   000001  00005B  00005C         1       1  COMRAM  
                dataBANK0                      000060  00000E  00006E        60       1  BANK0   
                text7                          002442  000008  00244A      1221       0  CODE    
                idataBANK0                     00244A  00000E  002458      244A       0  CODE    
                text5                          002458  000012  00246A      122C       0  CODE    
                text9                          00246A  00001C  002486      1235       0  CODE    
                text6                          002486  000020  0024A6      1243       0  CODE    
                text1                          0024A6  00002E  0024D4      1253       0  CODE    
                text18                         0024D4  00003C  002510      126A       0  CODE    
                text8                          002510  00003C  00254C      1288       0  CODE    
                cinit                          00254C  00003E  00258A      12A6       0  CODE    
                text11                         00258A  000046  0025D0      12C5       0  CODE    
                text15                         0025D0  000058  002628      12E8       0  CODE    
                text10                         002628  000062  00268A      1314       0  CODE    
                text3                          00268A  000064  0026EE      1345       0  CODE    
                text17                         0026EE  00006E  00275C      1377       0  CODE    
                text4                          00275C  000072  0027CE      13AE       0  CODE    
                text16                         0027CE  000074  002842      13E7       0  CODE    
                text2                          002842  000094  0028D6      1421       0  CODE    
                text0                          0028D6  0000CE  0029A4      146B       0  CODE    
                text13                         0029A4  000106  002AAA      14D2       0  CODE    
                text12                         002AAA  0001B4  002C5E      1555       0  CODE    
                text14                         002C5E  00038E  002FEC      162F       0  CODE    
                mediumconst                    002FEC  000010  002FFC      17F6       0  MEDIUMCO
                init                           002FFC  000005  003001      17FE       0  CODE    


UNUSED ADDRESS RANGES

        Name                Unused          Largest block    Delta
        BANK0            00006E-0000FF               92
        BANK1            000100-0001FF              100
        BANK2            000200-0002FF              100
        BANK3            000300-0003FF              100
        BANK4            000400-0004FF              100
        BANK5            000500-0005FF              100
        BIGRAM           00005C-00005F                4
                         00006E-0005FF              592
        BIGSFR           000D00-000FFF              300
        CODE             000004-002441             243E
        COMRAM           00005C-00005F                4
        CONST            000004-002441             243E
        EEDATA           F00000-F000FF              100
        MEDIUMCONST      000600-002441             1E42
        RAM              00006E-0005FF              100
        SFR              000D00-000FFF              100
        SMALLCONST       000600-002441              100

                                  Symbol Table

?___fldiv                          cstackCOMRAM 000016
?___fltol                          cstackCOMRAM 00002F
?___lwdiv                          cstackCOMRAM 000001
?___lwmod                          cstackCOMRAM 000008
?___xxtofl                         cstackCOMRAM 000008
?_get_speed                        cstackCOMRAM 000039
?_read_adc                         cstackCOMRAM 000001
?_strlen                           cstackCOMRAM 000001
_ACQT0                             (abs)        007E03
_ACQT1                             (abs)        007E04
_ACQT2                             (abs)        007E05
_ADCON0                            (abs)        000FC2
_ADCS0                             (abs)        007E00
_ADCS1                             (abs)        007E01
_ADCS2                             (abs)        007E02
_ADFM                              (abs)        007E07
_ADON                              (abs)        007E10
_ADRESH                            (abs)        000FC4
_ADRESL                            (abs)        000FC3
_BRG16                             (abs)        007DC3
_BRGCON1                           (abs)        000F70
_BRGCON2                           (abs)        000F71
_BRGCON3                           (abs)        000F72
_BRGH                              (abs)        007D62
_CANCON                            (abs)        000F6F
_CANSTAT                           (abs)        000F6E
_CREN                              (abs)        007D5C
_ECANCON                           (abs)        000F77
_GO                                (abs)        007E11
_GODONE                            (abs)        007E11
_PORTC                             (abs)        000F82
_RCIF                              (abs)        007CF5
_RCREG                             (abs)        000FAE
_RX9                               (abs)        007D5E
_RXB0CON                           (abs)        000F60
_RXB0CONbits                       (abs)        000F60
_RXB0D0                            (abs)        000F66
_RXB0DLC                           (abs)        000F65
_RXB0FUL                           (abs)        007B07
_RXB0IF                            (abs)        007D20
_RXB0SIDH                          (abs)        000F61
_RXB0SIDL                          (abs)        000F62
_RXFCON0                           (abs)        000DD4
_SENDB                             (abs)        007D63
_SPBRG                             (abs)        000FAF
_SPEN                              (abs)        007D5F
_SYNC                              (abs)        007D64
_TRISB2                            (abs)        007C9A
_TRISB3                            (abs)        007C9B
_TRISC                             (abs)        000F94
_TRISC6                            (abs)        007CA6
_TRISC7                            (abs)        007CA7
_TX9                               (abs)        007D66
_TXB0D0                            (abs)        000F46
_TXB0DLC                           (abs)        000F45
_TXB0EIDH                          (abs)        000F43
_TXB0EIDL                          (abs)        000F44
_TXB0REQ                           (abs)        007A03
_TXB0SIDH                          (abs)        000F41
_TXB0SIDL                          (abs)        000F42
_TXEN                              (abs)        007D65
_TXIF                              (abs)        007CF4
_TXREG                             (abs)        000FAD
_VCFG0                             (abs)        007E0C
_VCFG1                             (abs)        007E0D
__HRAM                             (abs)        000000
__H__absolute__                    __absolute__ 000000
__Habs1                            abs1         000000
__Hbank0                           bank0        000000
__Hbank1                           bank1        000000
__Hbank2                           bank2        000000
__Hbank3                           bank3        000000
__Hbank4                           bank4        000000
__Hbank5                           bank5        000000
__Hbigbss                          bigbss       000000
__Hbigdata                         bigdata      000000
__Hbigram                          bigram       000000
__Hbigsfr                          bigsfr       000000
__Hbss                             bss          000000
__HbssCOMRAM                       bssCOMRAM    000000
__Hcinit                           cinit        000000
__Hclrtext                         clrtext      000000
__Hcomram                          comram       000000
__Hconfig                          config       30000E
__Hconst                           const        000000
__HcstackCOMRAM                    cstackCOMRAM 000000
__Hdata                            data         000000
__HdataBANK0                       dataBANK0    000000
__HdataCOMRAM                      dataCOMRAM   000000
__Heeprom_data                     eeprom_data  000000
__Hfarbss                          farbss       000000
__Hfardata                         fardata      000000
__Hheap                            heap         000000
__Hibigdata                        ibigdata     000000
__Hidata                           idata        000000
__HidataBANK0                      idataBANK0   000000
__HidataCOMRAM                     idataCOMRAM  000000
__Hidloc                           idloc        200008
__Hifardata                        ifardata     000000
__Hinit                            init         003000
__Hintcode                         intcode      000008
__Hintcode_body                    intcode_body 000000
__Hintcodelo                       intcodelo    000018
__Hintentry                        intentry     000000
__Hintret                          intret       000000
__Hintsave_regs                    intsave_regs 000000
__Hirdata                          irdata       000000
__Hmediumconst                     mediumconst  002FFC
__HnvFARRAM                        nvFARRAM     000000
__Hnvbit                           nvbit        000000
__Hnvrram                          nvrram       000000
__Hparam                           rparam       000000
__Hpowerup                         powerup      000000
__Hram                             ram          000000
__Hramtop                          ramtop       000600
__Hrbit                            rbit         000000
__Hrbss                            rbss         000000
__Hrdata                           rdata        000000
__Hreset_vec                       reset_vec    000004
__Hrparam                          rparam       000000
__Hsfr                             sfr          000000
__Hsivt_hi                         sivt_hi      000000
__Hsivt_lo                         sivt_lo      000018
__Hsmallconst                      smallconst   000000
__Hspace_0                         (abs)        003001
__Hspace_1                         (abs)        00006E
__Hspace_2                         (abs)        000000
__Hspace_4                         (abs)        60000E
__Hstack                           stack        000000
__Hstruct                          struct       000000
__Htemp                            temp         000000
__Htext                            text         000000
__Htext0                           text0        000000
__Htext1                           text1        000000
__Htext10                          text10       000000
__Htext11                          text11       000000
__Htext12                          text12       000000
__Htext13                          text13       000000
__Htext14                          text14       000000
__Htext15                          text15       000000
__Htext16                          text16       000000
__Htext17                          text17       000000
__Htext18                          text18       000000
__Htext2                           text2        000000
__Htext3                           text3        000000
__Htext4                           text4        000000
__Htext5                           text5        000000
__Htext6                           text6        000000
__Htext7                           text7        000000
__Htext8                           text8        000000
__Htext9                           text9        000000
__LRAM                             (abs)        000001
__L__absolute__                    __absolute__ 000000
__Labs1                            abs1         000000
__Lbank0                           bank0        000000
__Lbank1                           bank1        000000
__Lbank2                           bank2        000000
__Lbank3                           bank3        000000
__Lbank4                           bank4        000000
__Lbank5                           bank5        000000
__Lbigbss                          bigbss       000000
__Lbigdata                         bigdata      000000
__Lbigram                          bigram       000000
__Lbigsfr                          bigsfr       000000
__Lbss                             bss          000000
__LbssCOMRAM                       bssCOMRAM    000000
__Lcinit                           cinit        000000
__Lclrtext                         clrtext      000000
__Lcomram                          comram       000000
__Lconfig                          config       000000
__Lconst                           const        000000
__LcstackCOMRAM                    cstackCOMRAM 000000
__Ldata                            data         000000
__LdataBANK0                       dataBANK0    000000
__LdataCOMRAM                      dataCOMRAM   000000
__Leeprom_data                     eeprom_data  000000
__Lfarbss                          farbss       000000
__Lfardata                         fardata      000000
__Lheap                            heap         000000
__Libigdata                        ibigdata     000000
__Lidata                           idata        000000
__LidataBANK0                      idataBANK0   000000
__LidataCOMRAM                     idataCOMRAM  000000
__Lidloc                           idloc        000000
__Lifardata                        ifardata     000000
__Linit                            init         002FFC
__Lintcode                         intcode      000008
__Lintcode_body                    intcode_body 000000
__Lintcodelo                       intcodelo    000018
__Lintentry                        intentry     000000
__Lintret                          intret       000000
__Lintsave_regs                    intsave_regs 000000
__Lirdata                          irdata       000000
__Lmediumconst                     mediumconst  002FEC
__LnvFARRAM                        nvFARRAM     000000
__Lnvbit                           nvbit        000000
__Lnvrram                          nvrram       000000
__Lparam                           rparam       000000
__Lpowerup                         powerup      000000
__Lram                             ram          000000
__Lramtop                          ramtop       000600
__Lrbit                            rbit         000000
__Lrbss                            rbss         000000
__Lrdata                           rdata        000000
__Lreset_vec                       reset_vec    000000
__Lrparam                          rparam       000000
__Lsfr                             sfr          000000
__Lsivt_hi                         sivt_hi      000000
__Lsivt_lo                         sivt_lo      000018
__Lsmallconst                      smallconst   000000
__Lspace_0                         (abs)        000000
__Lspace_1                         (abs)        000000
__Lspace_2                         (abs)        000000
__Lspace_4                         (abs)        000000
__Lstack                           stack        000000
__Lstruct                          struct       000000
__Ltemp                            temp         000000
__Ltext                            text         000000
__Ltext0                           text0        000000
__Ltext1                           text1        000000
__Ltext10                          text10       000000
__Ltext11                          text11       000000
__Ltext12                          text12       000000
__Ltext13                          text13       000000
__Ltext14                          text14       000000
__Ltext15                          text15       000000
__Ltext16                          text16       000000
__Ltext17                          text17       000000
__Ltext18                          text18       000000
__Ltext2                           text2        000000
__Ltext3                           text3        000000
__Ltext4                           text4        000000
__Ltext5                           text5        000000
__Ltext6                           text6        000000
__Ltext7                           text7        000000
__Ltext8                           text8        000000
__Ltext9                           text9        000000
__S0                               (abs)        003001
__S1                               (abs)        00006E
__S4                               (abs)        000000
__S5                               (abs)        000000
___fldiv                           text14       002C5E
___fldiv@a                         cstackCOMRAM 00001A
___fldiv@aexp                      cstackCOMRAM 00002E
___fldiv@b                         cstackCOMRAM 000016
___fldiv@bexp                      cstackCOMRAM 00002D
___fldiv@grs                       cstackCOMRAM 000029
___fldiv@new_exp                   cstackCOMRAM 000027
___fldiv@rem                       cstackCOMRAM 000022
___fldiv@sign                      cstackCOMRAM 000026
___fltol                           text13       0029A4
___fltol@exp1                      cstackCOMRAM 000038
___fltol@f1                        cstackCOMRAM 00002F
___fltol@sign1                     cstackCOMRAM 000037
___heap_hi                         (abs)        000000
___heap_lo                         (abs)        000000
___inthi_sp                        stack        000000
___inthi_stack_hi                  stack        000000
___inthi_stack_lo                  stack        000000
___intlo_sp                        stack        000000
___intlo_stack_hi                  stack        000000
___intlo_stack_lo                  stack        000000
___lwdiv                           text4        00275C
___lwdiv@counter                   cstackCOMRAM 000007
___lwdiv@dividend                  cstackCOMRAM 000001
___lwdiv@divisor                   cstackCOMRAM 000003
___lwdiv@quotient                  cstackCOMRAM 000005
___lwmod                           text3        00268A
___lwmod@counter                   cstackCOMRAM 00000C
___lwmod@dividend                  cstackCOMRAM 000008
___lwmod@divisor                   cstackCOMRAM 00000A
___param_bank                      (abs)        000000
___rparam_used                     (abs)        000001
___sp                              stack        000000
___stack_hi                        stack        000000
___stack_lo                        stack        000000
___xxtofl                          text12       002AAA
___xxtofl@arg                      cstackCOMRAM 000012
___xxtofl@exp                      cstackCOMRAM 000011
___xxtofl@sign                     cstackCOMRAM 000010
___xxtofl@val                      cstackCOMRAM 000008
__accesstop                        (abs)        000060
__activetblptr                     (abs)        000002
__end_of___fldiv                   text14       002FEC
__end_of___fltol                   text13       002AAA
__end_of___lwdiv                   text4        0027CE
__end_of___lwmod                   text3        0026EE
__end_of___xxtofl                  text12       002C5E
__end_of__initialization           cinit        002580
__end_of_can_transmit              text17       00275C
__end_of_get_gear_pos              text15       002628
__end_of_get_speed                 text10       00268A
__end_of_init_adc                  text9        002486
__end_of_init_can                  text8        00254C
__end_of_init_config               text5        00246A
__end_of_init_digital_keypad       text7        00244A
__end_of_init_uart                 text6        0024A6
__end_of_int_to_str                text2        0028D6
__end_of_main                      text0        0029A4
__end_of_read_adc                  text11       0025D0
__end_of_read_digital_keypad       text16       002842
__end_of_set_msg_id_std            text18       002510
__end_of_strlen                    text1        0024D4
__initialization                   cinit        00254C
__mediumconst                      mediumconst  002FEC
__pbssCOMRAM                       bssCOMRAM    00005A
__pcinit                           cinit        00254C
__pcstackCOMRAM                    cstackCOMRAM 000001
__pdataBANK0                       dataBANK0    000060
__pdataCOMRAM                      dataCOMRAM   00005B
__pidataBANK0                      idataBANK0   00244A
__pidataCOMRAM                     idataCOMRAM  003000
__pmediumconst                     mediumconst  002FEC
__ptext0                           text0        0028D6
__ptext1                           text1        0024A6
__ptext10                          text10       002628
__ptext11                          text11       00258A
__ptext12                          text12       002AAA
__ptext13                          text13       0029A4
__ptext14                          text14       002C5E
__ptext15                          text15       0025D0
__ptext16                          text16       0027CE
__ptext17                          text17       0026EE
__ptext18                          text18       0024D4
__ptext2                           text2        002842
__ptext3                           text3        00268A
__ptext4                           text4        00275C
__ptext5                           text5        002458
__ptext6                           text6        002486
__ptext7                           text7        002442
__ptext8                           text8        002510
__ptext9                           text9        00246A
__ramtop                           ramtop       000600
__smallconst                       mediumconst  002FEC
_can_transmit                      text17       0026EE
_get_gear_pos                      text15       0025D0
_get_speed                         text10       002628
_init_adc                          text9        00246A
_init_can                          text8        002510
_init_config                       text5        002458
_init_digital_keypad               text7        002442
_init_uart                         text6        002486
_int_to_str                        text2        002842
_main                              text0        0028D6
_read_adc                          text11       00258A
_read_digital_keypad               text16       0027CE
_set_msg_id_std                    text18       0024D4
_strlen                            text1        0024A6
can_transmit@data                  cstackCOMRAM 000007
can_transmit@i                     cstackCOMRAM 00000E
can_transmit@len                   cstackCOMRAM 000008
can_transmit@msg_id                cstackCOMRAM 000005
can_transmit@ptr                   cstackCOMRAM 00000C
end_of_initialization              cinit        002580
get_gear_pos@inc                   bssCOMRAM    00005A
get_gear_pos@key                   cstackCOMRAM 000002
get_speed@val                      cstackCOMRAM 00003B
int_to_str@num                     cstackCOMRAM 00000D
int_to_str@str                     cstackCOMRAM 00000F
intlevel0                          text         000000
intlevel1                          text         000000
intlevel2                          text         000000
intlevel3                          text         000000
isa$std                            (abs)        000001
isa$xinst                          (abs)        000000
main@F10687                        dataBANK0    000060
main@gear                          cstackCOMRAM 00003E
main@gear_value                    cstackCOMRAM 000058
main@speed                         cstackCOMRAM 000056
main@tx_speed_str                  cstackCOMRAM 00004C
main@wait                          cstackCOMRAM 000052
main@wait_92                       cstackCOMRAM 000054
read_adc@channel                   cstackCOMRAM 000007
read_adc@reg_val                   cstackCOMRAM 000005
read_digital_keypad@detection_type cstackCOMRAM 000001
read_digital_keypad@once           dataCOMRAM   00005B
set_msg_id_std@id                  cstackCOMRAM 000001
stackhi                            (abs)        000000
stacklo                            (abs)        000000
start                              init         002FFC
start_initialization               cinit        00254C
strlen@a                           cstackCOMRAM 000003
strlen@s                           cstackCOMRAM 000001


MODULE INFORMATION

Module		Function		Class		Link	Load	Size
ecu2_sensor.c
		_get_speed     		CODE           	2628	0000	98
		_get_gear_pos  		CODE           	25D0	0000	88

ecu2_sensor.c estimated size: 186

C:\Program Files\Microchip\xc8\v3.10\pic\sources\c99\common\lwmod.c
		___lwmod       		CODE           	268A	0000	100

C:\Program Files\Microchip\xc8\v3.10\pic\sources\c99\common\lwmod.c estimated size: 100

uart.c
		_init_uart     		CODE           	2486	0000	32

uart.c estimated size: 32

C:\Program Files\Microchip\xc8\v3.10\pic\sources\c99\common\lwdiv.c
		___lwdiv       		CODE           	275C	0000	114

C:\Program Files\Microchip\xc8\v3.10\pic\sources\c99\common\lwdiv.c estimated size: 114

adc.c
		_init_adc      		CODE           	246A	0000	28
		_read_adc      		CODE           	258A	0000	70

adc.c estimated size: 98

C:\Program Files\Microchip\xc8\v3.10\pic\sources\c99\common\fltol.c
		___fltol       		CODE           	29A4	0000	262

C:\Program Files\Microchip\xc8\v3.10\pic\sources\c99\common\fltol.c estimated size: 262

C:\Program Files\Microchip\xc8\v3.10\pic\sources\c99\common\xxtofl.c
		___xxtofl      		CODE           	2AAA	0000	436

C:\Program Files\Microchip\xc8\v3.10\pic\sources\c99\common\xxtofl.c estimated size: 436

C:\Program Files\Microchip\xc8\v3.10\pic\sources\c99\common\sprcdiv.c
		___fldiv       		CODE           	2C5E	0000	910

C:\Program Files\Microchip\xc8\v3.10\pic\sources\c99\common\sprcdiv.c estimated size: 910

shared
		__initialization		CODE           	254C	0000	52

shared estimated size: 52

C:\Program Files\Microchip\xc8\v3.10\pic\sources\c99\common\strlen.c
		_strlen        		CODE           	24A6	0000	46

C:\Program Files\Microchip\xc8\v3.10\pic\sources\c99\common\strlen.c estimated size: 46

can.c
		_set_msg_id_std		CODE           	24D4	0000	60
		_can_transmit  		CODE           	26EE	0000	110
		_init_can      		CODE           	2510	0000	60

can.c estimated size: 230

main.c
		_int_to_str    		CODE           	2842	0000	148
		_main          		CODE           	28D6	0000	206
		_init_config   		CODE           	2458	0000	18

main.c estimated size: 372

dkp.c
		_init_digital_keypad		CODE           	2442	0000	8
		_read_digital_keypad		CODE           	27CE	0000	116

dkp.c estimated size: 124

