Microchip MPLAB XC8 Compiler V3.10

Linker command line:

-W-3 \
  --edf=C:\Program Files\Microchip\xc8\v3.10\pic\dat\20250813170317_en.msgs \
  -cn -h+dist/default/production\DASHBORD_ECU3.X.production.sym \
  --cmf=dist/default/production\DASHBORD_ECU3.X.production.cmf -z -Q18F4580 \
  -oC:\Users\anush\AppData\Local\Temp\xcAsev8.0\driver_tmp_3.o \
  --defsym=__MPLAB_BUILD=1 --fixupoverflow=error \
  -Mdist/default/production/DASHBORD_ECU3.X.production.map \
  --md=C:\Users\anush\AppData\Local\Temp\xcAsev8.0\driver_tmp_0.dat -E1 \
  -ver=XC8 Compiler -ACODE=00h-03000h -ACONST=00h-03000h \
  -ASMALLCONST=0600h-06FFhx42,03000h-03000h -AMEDIUMCONST=0600h-03000h \
  -ACOMRAM=01h-05Fh -AABS1=00h-05FFh -ABIGRAM=01h-05FFh \
  -ARAM=060h-0FFh,0100h-01FFhx5 -ABANK0=060h-0FFh -ABANK1=0100h-01FFh \
  -ABANK2=0200h-02FFh -ABANK3=0300h-03FFh -ABANK4=0400h-04FFh \
  -ABANK5=0500h-05FFh -ASFR=0D00h-0DFFhx2,0F00h-0F5Fh,0F60h-0FFFh \
  -ABIGSFR=0D00h-0FFFh -ACONFIG=0300000h-030000Dh -AIDLOC=0200000h-0200007h \
  -AEEDATA=0F00000h-0F000FFh -peeprom_data=EEDATA \
  -preset_vec=00h,intcode=8h,intcodelo=18h,sivt_lo,sivt_hi=CODE \
  -ppowerup=CODE,init -pramtop=0600h -psmallconst=SMALLCONST \
  -pmediumconst=MEDIUMCONST -pconst=CONST -AFARRAM=00h-00h \
  -prdata=COMRAM,nvrram=COMRAM,nvbit=COMRAM,rbss=COMRAM,rbit=COMRAM \
  -pfarbss=FARRAM,fardata=FARRAM,nvFARRAM=FARRAM \
  -pintsave_regs=BIGRAM,bigbss=BIGRAM,bigdata=BIGRAM -pbss=RAM \
  -pidata=CODE,irdata=CODE,ibigdata=CODE,ifardata=CODE -prparam=COMRAM \
  C:\Users\anush\AppData\Local\Temp\xcAsev8.0\driver_tmp_9.o \
  dist/default/production\DASHBORD_ECU3.X.production.o 

Object code version is 3.11

Machine type is 18F4580



                Name                               Link     Load   Length Selector   Space Scale
C:\Users\anush\AppData\Local\Temp\xcAsev8.0\driver_tmp_9.o
                idloc                            200000   200000        8        0       5
                config                           300000   300000        E        0       4
                init                               2FFC     2FFC        4     17FE       0
                reset_vec                             0        0        4        0       0
dist/default/production\DASHBORD_ECU3.X.production.o
                idloc                            200000   200000        8        0       5
                config                           300000   300000        E        0       4
                mediumconst                        2FB0     2FB0       4C     17D8       0
                text14                             2B34     2B34       3C     159A       0
                text13                             2AC0     2AC0       3A     1560       0
                text12                             2A56     2A56       34     152B       0
                text11                             29D8     29D8        A     14EC       0
                text10                             29E2     29E2        E     14F1       0
                text9                              2AFA     2AFA       3A     157D       0
                text8                              2CFC     2CFC       94     167E       0
                text7                              2C90     2C90       6C     1648       0
                text6                              2A8A     2A8A       36     1545       0
                text5                              2C28     2C28       68     1614       0
                text4                              2E44     2E44      16C     1722       0
                text3                              2BC8     2BC8       60     15E4       0
                text2                              2B70     2B70       58     15B8       0
                text1                              2D90     2D90       B4     16C8       0
                text0                              29FE     29FE       2A     14FF       0
                cstackCOMRAM                          1        1       26        1       1
                dataCOMRAM                           27       27        E        1       1
                bssCOMRAM                            35       35        2        1       1
                cinit                              2A28     2A28       2E     1514       0
                idataCOMRAM                        29F0     29F0        E     29F0       0

TOTAL           Name                               Link     Load   Length     Space
        CLASS   CODE           
                init                               2FFC     2FFC        4         0
                reset_vec                             0        0        4         0
                text14                             2B34     2B34       3C         0
                text13                             2AC0     2AC0       3A         0
                text12                             2A56     2A56       34         0
                text11                             29D8     29D8        A         0
                text10                             29E2     29E2        E         0
                text9                              2AFA     2AFA       3A         0
                text8                              2CFC     2CFC       94         0
                text7                              2C90     2C90       6C         0
                text6                              2A8A     2A8A       36         0
                text5                              2C28     2C28       68         0
                text4                              2E44     2E44      16C         0
                text3                              2BC8     2BC8       60         0
                text2                              2B70     2B70       58         0
                text1                              2D90     2D90       B4         0
                text0                              29FE     29FE       2A         0
                cinit                              2A28     2A28       2E         0
                idataCOMRAM                        29F0     29F0        E         0

        CLASS   CONST          

        CLASS   SMALLCONST     

        CLASS   MEDIUMCONST    
                mediumconst                        2FB0     2FB0       4C         0

        CLASS   COMRAM         
                cstackCOMRAM                          1        1       26         1
                dataCOMRAM                           27       27        E         1
                bssCOMRAM                            35       35        2         1

        CLASS   ABS1           

        CLASS   BIGRAM         

        CLASS   RAM            

        CLASS   BANK0          

        CLASS   BANK1          

        CLASS   BANK2          

        CLASS   BANK3          

        CLASS   BANK4          

        CLASS   BANK5          

        CLASS   SFR            

        CLASS   BIGSFR         

        CLASS   CONFIG         
                config                           300000   300000        E         4

        CLASS   IDLOC          
                idloc                            200000   200000        8         5

        CLASS   EEDATA         

        CLASS   FARRAM         

        CLASS   HEAP           

        CLASS   STACK          



SEGMENTS        Name                           Load    Length   Top    Selector   Space  Class

                reset_vec                      000000  000004  000004         0       0  CODE    
                cstackCOMRAM                   000001  000036  000037         1       1  COMRAM  
                text11                         0029D8  00000A  0029E2      14EC       0  CODE    
                text10                         0029E2  00000E  0029F0      14F1       0  CODE    
                idataCOMRAM                    0029F0  00000E  0029FE      29F0       0  CODE    
                text0                          0029FE  00002A  002A28      14FF       0  CODE    
                cinit                          002A28  00002E  002A56      1514       0  CODE    
                text12                         002A56  000034  002A8A      152B       0  CODE    
                text6                          002A8A  000036  002AC0      1545       0  CODE    
                text13                         002AC0  00003A  002AFA      1560       0  CODE    
                text9                          002AFA  00003A  002B34      157D       0  CODE    
                text14                         002B34  00003C  002B70      159A       0  CODE    
                text2                          002B70  000058  002BC8      15B8       0  CODE    
                text3                          002BC8  000060  002C28      15E4       0  CODE    
                text5                          002C28  000068  002C90      1614       0  CODE    
                text7                          002C90  00006C  002CFC      1648       0  CODE    
                text8                          002CFC  000094  002D90      167E       0  CODE    
                text1                          002D90  0000B4  002E44      16C8       0  CODE    
                text4                          002E44  00016C  002FB0      1722       0  CODE    
                mediumconst                    002FB0  00004C  002FFC      17D8       0  MEDIUMCO
                init                           002FFC  000004  003000      17FE       0  CODE    


UNUSED ADDRESS RANGES

        Name                Unused          Largest block    Delta
        BANK0            000060-0000FF               A0
        BANK1            000100-0001FF              100
        BANK2            000200-0002FF              100
        BANK3            000300-0003FF              100
        BANK4            000400-0004FF              100
        BANK5            000500-0005FF              100
        BIGRAM           000037-0005FF              5C9
        BIGSFR           000D00-000FFF              300
        CODE             000004-0029D7             29D4
                         003000-003000                1
        COMRAM           000037-00005F               29
        CONST            000004-0029D7             29D4
                         003000-003000                1
        EEDATA           F00000-F000FF              100
        MEDIUMCONST      000600-0029D7             23D8
                         003000-003000                1
        RAM              000060-0005FF              100
        SFR              000D00-000FFF              100
        SMALLCONST       000600-0029D7              100
                         003000-003000                1

                                  Symbol Table

?_get_msg_id_std                 cstackCOMRAM 000001
?_strcmp                         cstackCOMRAM 000001
_BRG16                           (abs)        007DC3
_BRGCON1                         (abs)        000F70
_BRGCON2                         (abs)        000F71
_BRGCON3                         (abs)        000F72
_BRGH                            (abs)        007D62
_CANCON                          (abs)        000F6F
_CANSTAT                         (abs)        000F6E
_CREN                            (abs)        007D5C
_ECANCON                         (abs)        000F77
_PORTB                           (abs)        000F81
_PORTD                           (abs)        000F83
_PSA                             (abs)        007EAB
_RB0                             (abs)        007C08
_RB7                             (abs)        007C0F
_RC0                             (abs)        007C10
_RC1                             (abs)        007C11
_RC2                             (abs)        007C12
_RCIF                            (abs)        007CF5
_RCREG                           (abs)        000FAE
_RD7                             (abs)        007C1F
_RX9                             (abs)        007D5E
_RXB0CON                         (abs)        000F60
_RXB0CONbits                     (abs)        000F60
_RXB0D0                          (abs)        000F66
_RXB0DLC                         (abs)        000F65
_RXB0FUL                         (abs)        007B07
_RXB0IF                          (abs)        007D20
_RXB0SIDH                        (abs)        000F61
_RXB0SIDL                        (abs)        000F62
_RXFCON0                         (abs)        000DD4
_SENDB                           (abs)        007D63
_SPBRG                           (abs)        000FAF
_SPEN                            (abs)        007D5F
_SYNC                            (abs)        007D64
_T08BIT                          (abs)        007EAE
_T0CS                            (abs)        007EAD
_TMR0                            (abs)        000FD6
_TMR0IE                          (abs)        007F95
_TMR0IF                          (abs)        007F92
_TMR0ON                          (abs)        007EAF
_TRISB0                          (abs)        007C98
_TRISB2                          (abs)        007C9A
_TRISB3                          (abs)        007C9B
_TRISB7                          (abs)        007C9F
_TRISC                           (abs)        000F94
_TRISC6                          (abs)        007CA6
_TRISC7                          (abs)        007CA7
_TRISD                           (abs)        000F95
_TRISD7                          (abs)        007CAF
_TX9                             (abs)        007D66
_TXB0D0                          (abs)        000F46
_TXB0DLC                         (abs)        000F45
_TXB0EIDH                        (abs)        000F43
_TXB0EIDL                        (abs)        000F44
_TXB0REQ                         (abs)        007A03
_TXB0SIDH                        (abs)        000F41
_TXB0SIDL                        (abs)        000F42
_TXEN                            (abs)        007D65
_TXIF                            (abs)        007CF4
_TXREG                           (abs)        000FAD
__HRAM                           (abs)        000000
__H__absolute__                  __absolute__ 000000
__Habs1                          abs1         000000
__Hbank0                         bank0        000000
__Hbank1                         bank1        000000
__Hbank2                         bank2        000000
__Hbank3                         bank3        000000
__Hbank4                         bank4        000000
__Hbank5                         bank5        000000
__Hbigbss                        bigbss       000000
__Hbigdata                       bigdata      000000
__Hbigram                        bigram       000000
__Hbigsfr                        bigsfr       000000
__Hbss                           bss          000000
__HbssCOMRAM                     bssCOMRAM    000000
__Hcinit                         cinit        000000
__Hclrtext                       clrtext      000000
__Hcomram                        comram       000000
__Hconfig                        config       30000E
__Hconst                         const        000000
__HcstackCOMRAM                  cstackCOMRAM 000000
__Hdata                          data         000000
__HdataCOMRAM                    dataCOMRAM   000000
__Heeprom_data                   eeprom_data  000000
__Hfarbss                        farbss       000000
__Hfardata                       fardata      000000
__Hheap                          heap         000000
__Hibigdata                      ibigdata     000000
__Hidata                         idata        000000
__HidataCOMRAM                   idataCOMRAM  000000
__Hidloc                         idloc        200008
__Hifardata                      ifardata     000000
__Hinit                          init         003000
__Hintcode                       intcode      000008
__Hintcode_body                  intcode_body 000000
__Hintcodelo                     intcodelo    000018
__Hintentry                      intentry     000000
__Hintret                        intret       000000
__Hintsave_regs                  intsave_regs 000000
__Hirdata                        irdata       000000
__Hmediumconst                   mediumconst  002FFC
__HnvFARRAM                      nvFARRAM     000000
__Hnvbit                         nvbit        000000
__Hnvrram                        nvrram       000000
__Hparam                         rparam       000000
__Hpowerup                       powerup      000000
__Hram                           ram          000000
__Hramtop                        ramtop       000600
__Hrbit                          rbit         000000
__Hrbss                          rbss         000000
__Hrdata                         rdata        000000
__Hreset_vec                     reset_vec    000004
__Hrparam                        rparam       000000
__Hsfr                           sfr          000000
__Hsivt_hi                       sivt_hi      000000
__Hsivt_lo                       sivt_lo      000018
__Hsmallconst                    smallconst   000000
__Hspace_0                       (abs)        003000
__Hspace_1                       (abs)        000037
__Hspace_2                       (abs)        000000
__Hspace_4                       (abs)        60000E
__Hstack                         stack        000000
__Hstruct                        struct       000000
__Htemp                          temp         000000
__Htext                          text         000000
__Htext0                         text0        000000
__Htext1                         text1        000000
__Htext10                        text10       000000
__Htext11                        text11       000000
__Htext12                        text12       000000
__Htext13                        text13       000000
__Htext14                        text14       000000
__Htext2                         text2        000000
__Htext3                         text3        000000
__Htext4                         text4        000000
__Htext5                         text5        000000
__Htext6                         text6        000000
__Htext7                         text7        000000
__Htext8                         text8        000000
__Htext9                         text9        000000
__LRAM                           (abs)        000001
__L__absolute__                  __absolute__ 000000
__Labs1                          abs1         000000
__Lbank0                         bank0        000000
__Lbank1                         bank1        000000
__Lbank2                         bank2        000000
__Lbank3                         bank3        000000
__Lbank4                         bank4        000000
__Lbank5                         bank5        000000
__Lbigbss                        bigbss       000000
__Lbigdata                       bigdata      000000
__Lbigram                        bigram       000000
__Lbigsfr                        bigsfr       000000
__Lbss                           bss          000000
__LbssCOMRAM                     bssCOMRAM    000000
__Lcinit                         cinit        000000
__Lclrtext                       clrtext      000000
__Lcomram                        comram       000000
__Lconfig                        config       000000
__Lconst                         const        000000
__LcstackCOMRAM                  cstackCOMRAM 000000
__Ldata                          data         000000
__LdataCOMRAM                    dataCOMRAM   000000
__Leeprom_data                   eeprom_data  000000
__Lfarbss                        farbss       000000
__Lfardata                       fardata      000000
__Lheap                          heap         000000
__Libigdata                      ibigdata     000000
__Lidata                         idata        000000
__LidataCOMRAM                   idataCOMRAM  000000
__Lidloc                         idloc        000000
__Lifardata                      ifardata     000000
__Linit                          init         002FFC
__Lintcode                       intcode      000008
__Lintcode_body                  intcode_body 000000
__Lintcodelo                     intcodelo    000018
__Lintentry                      intentry     000000
__Lintret                        intret       000000
__Lintsave_regs                  intsave_regs 000000
__Lirdata                        irdata       000000
__Lmediumconst                   mediumconst  002FB0
__LnvFARRAM                      nvFARRAM     000000
__Lnvbit                         nvbit        000000
__Lnvrram                        nvrram       000000
__Lparam                         rparam       000000
__Lpowerup                       powerup      000000
__Lram                           ram          000000
__Lramtop                        ramtop       000600
__Lrbit                          rbit         000000
__Lrbss                          rbss         000000
__Lrdata                         rdata        000000
__Lreset_vec                     reset_vec    000000
__Lrparam                        rparam       000000
__Lsfr                           sfr          000000
__Lsivt_hi                       sivt_hi      000000
__Lsivt_lo                       sivt_lo      000018
__Lsmallconst                    smallconst   000000
__Lspace_0                       (abs)        000000
__Lspace_1                       (abs)        000000
__Lspace_2                       (abs)        000000
__Lspace_4                       (abs)        000000
__Lstack                         stack        000000
__Lstruct                        struct       000000
__Ltemp                          temp         000000
__Ltext                          text         000000
__Ltext0                         text0        000000
__Ltext1                         text1        000000
__Ltext10                        text10       000000
__Ltext11                        text11       000000
__Ltext12                        text12       000000
__Ltext13                        text13       000000
__Ltext14                        text14       000000
__Ltext2                         text2        000000
__Ltext3                         text3        000000
__Ltext4                         text4        000000
__Ltext5                         text5        000000
__Ltext6                         text6        000000
__Ltext7                         text7        000000
__Ltext8                         text8        000000
__Ltext9                         text9        000000
__S0                             (abs)        003000
__S1                             (abs)        000037
__S4                             (abs)        000000
__S5                             (abs)        000000
___heap_hi                       (abs)        000000
___heap_lo                       (abs)        000000
___inthi_sp                      stack        000000
___inthi_stack_hi                stack        000000
___inthi_stack_lo                stack        000000
___intlo_sp                      stack        000000
___intlo_stack_hi                stack        000000
___intlo_stack_lo                stack        000000
___param_bank                    (abs)        000000
___rparam_used                   (abs)        000001
___sp                            stack        000000
___stack_hi                      stack        000000
___stack_lo                      stack        000000
__accesstop                      (abs)        000060
__activetblptr                   (abs)        000002
__end_of__initialization         cinit        002A4C
__end_of_can_receive             text8        002D90
__end_of_clcd_print              text7        002CFC
__end_of_clcd_write              text13       002AFA
__end_of_get_msg_id_std          text9        002B34
__end_of_handle_gear_data        text6        002AC0
__end_of_handle_indicator_data   text4        002FB0
__end_of_handle_rpm_data         text3        002C28
__end_of_handle_speed_data       text2        002BC8
__end_of_init_can                text14       002B70
__end_of_init_clcd               text12       002A8A
__end_of_init_config             text10       0029F0
__end_of_init_leds               text11       0029E2
__end_of_main                    text0        002A28
__end_of_process_canbus_data     text1        002E44
__end_of_strcmp                  text5        002C90
__initialization                 cinit        002A28
__mediumconst                    mediumconst  002FB0
__pbssCOMRAM                     bssCOMRAM    000035
__pcinit                         cinit        002A28
__pcstackCOMRAM                  cstackCOMRAM 000001
__pdataCOMRAM                    dataCOMRAM   000027
__pidataCOMRAM                   idataCOMRAM  0029F0
__pmediumconst                   mediumconst  002FB0
__ptext0                         text0        0029FE
__ptext1                         text1        002D90
__ptext10                        text10       0029E2
__ptext11                        text11       0029D8
__ptext12                        text12       002A56
__ptext13                        text13       002AC0
__ptext14                        text14       002B34
__ptext2                         text2        002B70
__ptext3                         text3        002BC8
__ptext4                         text4        002E44
__ptext5                         text5        002C28
__ptext6                         text6        002A8A
__ptext7                         text7        002C90
__ptext8                         text8        002CFC
__ptext9                         text9        002AFA
__ramtop                         ramtop       000600
__smallconst                     mediumconst  002FB0
_can_receive                     text8        002CFC
_clcd_print                      text7        002C90
_clcd_write                      text13       002AC0
_get_msg_id_std                  text9        002AFA
_handle_gear_data                text6        002A8A
_handle_indicator_data           text4        002E44
_handle_rpm_data                 text3        002BC8
_handle_speed_data               text2        002B70
_init_can                        text14       002B34
_init_clcd                       text12       002A56
_init_config                     text10       0029E2
_init_leds                       text11       0029D8
_main                            text0        0029FE
_process_canbus_data             text1        002D90
_strcmp                          text5        002C28
can_receive@data                 cstackCOMRAM 00000A
can_receive@i                    cstackCOMRAM 000011
can_receive@len                  cstackCOMRAM 00000B
can_receive@msg_id               cstackCOMRAM 000009
can_receive@ptr                  cstackCOMRAM 00000F
clcd_print@addr                  cstackCOMRAM 000005
clcd_print@data                  cstackCOMRAM 000003
clcd_write@byte                  cstackCOMRAM 000002
clcd_write@control_bit           cstackCOMRAM 000001
end_of_initialization            cinit        002A4C
get_msg_id_std@id                cstackCOMRAM 000007
handle_gear_data@F10708          dataCOMRAM   000027
handle_gear_data@data            cstackCOMRAM 000006
handle_gear_data@gear            cstackCOMRAM 000008
handle_gear_data@len             cstackCOMRAM 000007
handle_indicator_data@blink_time cstackCOMRAM 000013
handle_indicator_data@data       cstackCOMRAM 000006
handle_indicator_data@delay      bssCOMRAM    000036
handle_indicator_data@i          cstackCOMRAM 000015
handle_indicator_data@ind_str    cstackCOMRAM 000009
handle_indicator_data@led_state  bssCOMRAM    000035
handle_indicator_data@len        cstackCOMRAM 000007
handle_indicator_data@pattern    cstackCOMRAM 000014
handle_rpm_data@data             cstackCOMRAM 000006
handle_rpm_data@i                cstackCOMRAM 000014
handle_rpm_data@len              cstackCOMRAM 000007
handle_rpm_data@rpm_str          cstackCOMRAM 00000B
handle_speed_data@data           cstackCOMRAM 000006
handle_speed_data@i              cstackCOMRAM 000011
handle_speed_data@len            cstackCOMRAM 000007
handle_speed_data@speed_str      cstackCOMRAM 000008
intlevel0                        text         000000
intlevel1                        text         000000
intlevel2                        text         000000
intlevel3                        text         000000
isa$std                          (abs)        000001
isa$xinst                        (abs)        000000
process_canbus_data@data         cstackCOMRAM 000018
process_canbus_data@len          cstackCOMRAM 000026
process_canbus_data@msg_id       cstackCOMRAM 000024
process_canbus_data@wait         cstackCOMRAM 000022
stackhi                          (abs)        000000
stacklo                          (abs)        000000
start                            init         002FFC
start_initialization             cinit        002A28
strcmp@l                         cstackCOMRAM 000001
strcmp@r                         cstackCOMRAM 000002


MODULE INFORMATION

Module		Function		Class		Link	Load	Size
message_handler.c
		_handle_gear_data		CODE           	2A8A	0000	54
		_handle_speed_data		CODE           	2B70	0000	88
		_handle_indicator_data		CODE           	2E44	0000	364
		_handle_rpm_data		CODE           	2BC8	0000	96
		_process_canbus_data		CODE           	2D90	0000	180

message_handler.c estimated size: 782

shared
		__initialization		CODE           	2A28	0000	36

shared estimated size: 36

clcd.c
		_clcd_write    		CODE           	2AC0	0000	58
		_clcd_print    		CODE           	2C90	0000	108
		_init_clcd     		CODE           	2A56	0000	52

clcd.c estimated size: 218

C:\Program Files\Microchip\xc8\v3.10\pic\sources\c99\common\strcmp.c
		_strcmp        		CODE           	2C28	0000	104

C:\Program Files\Microchip\xc8\v3.10\pic\sources\c99\common\strcmp.c estimated size: 104

can.c
		_init_can      		CODE           	2B34	0000	60
		_can_receive   		CODE           	2CFC	0000	148
		_get_msg_id_std		CODE           	2AFA	0000	58

can.c estimated size: 266

main.c
		_init_leds     		CODE           	29D8	0000	10
		_main          		CODE           	29FE	0000	42
		_init_config   		CODE           	29E2	0000	14

main.c estimated size: 66

