Microchip MPLAB XC8 Compiler V3.10

Linker command line:

-W-3 \
  --edf=C:\Program Files\Microchip\xc8\v3.10\pic\dat\20250813170317_en.msgs \
  -cn -h+dist/default/production\DASHBOARD.X.production.sym \
  --cmf=dist/default/production\DASHBOARD.X.production.cmf -z -Q18F4580 \
  -oC:\Users\anush\AppData\Local\Temp\xcBs22s.1\driver_tmp_3.o \
  --defsym=__MPLAB_BUILD=1 --fixupoverflow=error \
  -Mdist/default/production/DASHBOARD.X.production.map \
  --md=C:\Users\anush\AppData\Local\Temp\xcBs22s.1\driver_tmp_0.dat -E1 \
  -ver=XC8 Compiler -ACODE=00h-03000h -ACONST=00h-03000h \
  -ASMALLCONST=0600h-06FFhx42,03000h-03000h -AMEDIUMCONST=0600h-03000h \
  -ACOMRAM=01h-05Fh -AABS1=00h-05FFh -ABIGRAM=01h-05FFh \
  -ARAM=060h-0FFh,0100h-01FFhx5 -ABANK0=060h-0FFh -ABANK1=0100h-01FFh \
  -ABANK2=0200h-02FFh -ABANK3=0300h-03FFh -ABANK4=0400h-04FFh \
  -ABANK5=0500h-05FFh -ASFR=0D00h-0DFFhx2,0F00h-0F5Fh,0F60h-0FFFh \
  -ABIGSFR=0D00h-0FFFh -ACONFIG=0300000h-030000Dh -AIDLOC=0200000h-0200007h \
  -AEEDATA=0F00000h-0F000FFh -peeprom_data=EEDATA \
  -preset_vec=00h,intcode=8h,intcodelo=18h,sivt_lo,sivt_hi=CODE \
  -ppowerup=CODE,init -pramtop=0600h -psmallconst=SMALLCONST \
  -pmediumconst=MEDIUMCONST -pconst=CONST -AFARRAM=00h-00h \
  -prdata=COMRAM,nvrram=COMRAM,nvbit=COMRAM,rbss=COMRAM,rbit=COMRAM \
  -pfarbss=FARRAM,fardata=FARRAM,nvFARRAM=FARRAM \
  -pintsave_regs=BIGRAM,bigbss=BIGRAM,bigdata=BIGRAM -pbss=RAM \
  -pidata=CODE,irdata=CODE,ibigdata=CODE,ifardata=CODE -prparam=COMRAM \
  C:\Users\anush\AppData\Local\Temp\xcBs22s.1\driver_tmp_9.o \
  dist/default/production\DASHBOARD.X.production.o 

Object code version is 3.11

Machine type is 18F4580



                Name                               Link     Load   Length Selector   Space Scale
C:\Users\anush\AppData\Local\Temp\xcBs22s.1\driver_tmp_9.o
                idloc                            200000   200000        8        0       5
                config                           300000   300000        E        0       4
                init                               2FFC     2FFC        4     17FE       0
                reset_vec                             0        0        4        0       0
dist/default/production\DASHBOARD.X.production.o
                idloc                            200000   200000        8        0       5
                config                           300000   300000        E        0       4
                mediumconst                        2FEA     2FEA       12     17F5       0
                text19                             2024     2024       3C     1012       0
                text18                             2146     2146       6E     10A3       0
                text17                             2836     2836      38E     141B       0
                text16                             2BC4     2BC4      426     15E2       0
                text15                             2458     2458      106     122C       0
                text14                             2682     2682      1B4     1341       0
                text13                             209C     209C       46     104E       0
                text12                             2308     2308       86     1184       0
                text11                             1F8C     1F8C       1C      FC6       0
                text10                             2060     2060       3C     1030       0
                text9                              1F76     1F76        8      FBB       0
                text8                              1F7E     1F7E        E      FBF       0
                text7                              2222     2222       72     1111       0
                text6                              20E2     20E2       64     1071       0
                text5                              238E     238E       CA     11C7       0
                text4                              2294     2294       74     114A       0
                text3                              21B4     21B4       6E     10DA       0
                text2                              1FF4     1FF4       30      FFA       0
                text1                              1FC6     1FC6       2E      FE3       0
                text0                              255E     255E      124     12AF       0
                cstackCOMRAM                          1        1       55        1       1
                cstackBANK0                          60       60       16       60       1
                dataCOMRAM                           57       57        1        1       1
                bssCOMRAM                            56       56        1        1       1
                cinit                              1FA8     1FA8       1E      FD4       0
                idataCOMRAM                        3000     3000        1     17FE       0

TOTAL           Name                               Link     Load   Length     Space
        CLASS   CODE           
                init                               2FFC     2FFC        4         0
                reset_vec                             0        0        4         0
                text19                             2024     2024       3C         0
                text18                             2146     2146       6E         0
                text17                             2836     2836      38E         0
                text16                             2BC4     2BC4      426         0
                text15                             2458     2458      106         0
                text14                             2682     2682      1B4         0
                text13                             209C     209C       46         0
                text12                             2308     2308       86         0
                text11                             1F8C     1F8C       1C         0
                text10                             2060     2060       3C         0
                text9                              1F76     1F76        8         0
                text8                              1F7E     1F7E        E         0
                text7                              2222     2222       72         0
                text6                              20E2     20E2       64         0
                text5                              238E     238E       CA         0
                text4                              2294     2294       74         0
                text3                              21B4     21B4       6E         0
                text2                              1FF4     1FF4       30         0
                text1                              1FC6     1FC6       2E         0
                text0                              255E     255E      124         0
                cinit                              1FA8     1FA8       1E         0
                idataCOMRAM                        3000     3000        1         0

        CLASS   CONST          

        CLASS   SMALLCONST     

        CLASS   MEDIUMCONST    
                mediumconst                        2FEA     2FEA       12         0

        CLASS   COMRAM         
                cstackCOMRAM                          1        1       55         1
                dataCOMRAM                           57       57        1         1
                bssCOMRAM                            56       56        1         1

        CLASS   ABS1           

        CLASS   BIGRAM         

        CLASS   RAM            

        CLASS   BANK0          
                cstackBANK0                          60       60       16         1

        CLASS   BANK1          

        CLASS   BANK2          

        CLASS   BANK3          

        CLASS   BANK4          

        CLASS   BANK5          

        CLASS   SFR            

        CLASS   BIGSFR         

        CLASS   CONFIG         
                config                           300000   300000        E         4

        CLASS   IDLOC          
                idloc                            200000   200000        8         5

        CLASS   EEDATA         

        CLASS   FARRAM         

        CLASS   HEAP           

        CLASS   STACK          



SEGMENTS        Name                           Load    Length   Top    Selector   Space  Class

                reset_vec                      000000  000004  000004         0       0  CODE    
                cstackCOMRAM                   000001  000057  000058         1       1  COMRAM  
                cstackBANK0                    000060  000016  000076        60       1  BANK0   
                text9                          001F76  000008  001F7E       FBB       0  CODE    
                text8                          001F7E  00000E  001F8C       FBF       0  CODE    
                text11                         001F8C  00001C  001FA8       FC6       0  CODE    
                cinit                          001FA8  00001E  001FC6       FD4       0  CODE    
                text1                          001FC6  00002E  001FF4       FE3       0  CODE    
                text2                          001FF4  000030  002024       FFA       0  CODE    
                text19                         002024  00003C  002060      1012       0  CODE    
                text10                         002060  00003C  00209C      1030       0  CODE    
                text13                         00209C  000046  0020E2      104E       0  CODE    
                text6                          0020E2  000064  002146      1071       0  CODE    
                text18                         002146  00006E  0021B4      10A3       0  CODE    
                text3                          0021B4  00006E  002222      10DA       0  CODE    
                text7                          002222  000072  002294      1111       0  CODE    
                text4                          002294  000074  002308      114A       0  CODE    
                text12                         002308  000086  00238E      1184       0  CODE    
                text5                          00238E  0000CA  002458      11C7       0  CODE    
                text15                         002458  000106  00255E      122C       0  CODE    
                text0                          00255E  000124  002682      12AF       0  CODE    
                text14                         002682  0001B4  002836      1341       0  CODE    
                text17                         002836  00038E  002BC4      141B       0  CODE    
                text16                         002BC4  000426  002FEA      15E2       0  CODE    
                mediumconst                    002FEA  000012  002FFC      17F5       0  MEDIUMCO
                init                           002FFC  000005  003001      17FE       0  CODE    


UNUSED ADDRESS RANGES

        Name                Unused          Largest block    Delta
        BANK0            000076-0000FF               8A
        BANK1            000100-0001FF              100
        BANK2            000200-0002FF              100
        BANK3            000300-0003FF              100
        BANK4            000400-0004FF              100
        BANK5            000500-0005FF              100
        BIGRAM           000058-00005F                8
                         000076-0005FF              58A
        BIGSFR           000D00-000FFF              300
        CODE             000004-001F75             1F72
        COMRAM           000058-00005F                8
        CONST            000004-001F75             1F72
        EEDATA           F00000-F000FF              100
        MEDIUMCONST      000600-001F75             1976
        RAM              000076-0005FF              100
        SFR              000D00-000FFF              100
        SMALLCONST       000600-001F75              100

                                  Symbol Table

?___fldiv                          cstackCOMRAM 000016
?___flmul                          cstackCOMRAM 00002F
?___fltol                          cstackCOMRAM 000048
?___lwdiv                          cstackCOMRAM 000001
?___lwmod                          cstackCOMRAM 000008
?___xxtofl                         cstackCOMRAM 000008
?_get_rpm                          cstackCOMRAM 000052
?_read_adc                         cstackCOMRAM 000001
?_strlen                           cstackCOMRAM 000001
_ACQT0                             (abs)        007E03
_ACQT1                             (abs)        007E04
_ACQT2                             (abs)        007E05
_ADCON0                            (abs)        000FC2
_ADCS0                             (abs)        007E00
_ADCS1                             (abs)        007E01
_ADCS2                             (abs)        007E02
_ADFM                              (abs)        007E07
_ADON                              (abs)        007E10
_ADRESH                            (abs)        000FC4
_ADRESL                            (abs)        000FC3
_BRG16                             (abs)        007DC3
_BRGCON1                           (abs)        000F70
_BRGCON2                           (abs)        000F71
_BRGCON3                           (abs)        000F72
_BRGH                              (abs)        007D62
_CANCON                            (abs)        000F6F
_CANSTAT                           (abs)        000F6E
_CREN                              (abs)        007D5C
_ECANCON                           (abs)        000F77
_GO                                (abs)        007E11
_GODONE                            (abs)        007E11
_PORTC                             (abs)        000F82
_PORTD                             (abs)        000F83
_RC0                               (abs)        007C10
_RC1                               (abs)        007C11
_RC2                               (abs)        007C12
_RCIF                              (abs)        007CF5
_RCREG                             (abs)        000FAE
_RD7                               (abs)        007C1F
_RX9                               (abs)        007D5E
_RXB0CON                           (abs)        000F60
_RXB0CONbits                       (abs)        000F60
_RXB0D0                            (abs)        000F66
_RXB0DLC                           (abs)        000F65
_RXB0FUL                           (abs)        007B07
_RXB0IF                            (abs)        007D20
_RXB0SIDH                          (abs)        000F61
_RXB0SIDL                          (abs)        000F62
_RXFCON0                           (abs)        000DD4
_SENDB                             (abs)        007D63
_SPBRG                             (abs)        000FAF
_SPEN                              (abs)        007D5F
_SYNC                              (abs)        007D64
_TRISB2                            (abs)        007C9A
_TRISB3                            (abs)        007C9B
_TRISC                             (abs)        000F94
_TRISC6                            (abs)        007CA6
_TRISC7                            (abs)        007CA7
_TRISD                             (abs)        000F95
_TRISD7                            (abs)        007CAF
_TX9                               (abs)        007D66
_TXB0D0                            (abs)        000F46
_TXB0DLC                           (abs)        000F45
_TXB0EIDH                          (abs)        000F43
_TXB0EIDL                          (abs)        000F44
_TXB0REQ                           (abs)        007A03
_TXB0SIDH                          (abs)        000F41
_TXB0SIDL                          (abs)        000F42
_TXEN                              (abs)        007D65
_TXIF                              (abs)        007CF4
_TXREG                             (abs)        000FAD
_VCFG0                             (abs)        007E0C
_VCFG1                             (abs)        007E0D
__HRAM                             (abs)        000000
__H__absolute__                    __absolute__ 000000
__Habs1                            abs1         000000
__Hbank0                           bank0        000000
__Hbank1                           bank1        000000
__Hbank2                           bank2        000000
__Hbank3                           bank3        000000
__Hbank4                           bank4        000000
__Hbank5                           bank5        000000
__Hbigbss                          bigbss       000000
__Hbigdata                         bigdata      000000
__Hbigram                          bigram       000000
__Hbigsfr                          bigsfr       000000
__Hbss                             bss          000000
__HbssCOMRAM                       bssCOMRAM    000000
__Hcinit                           cinit        000000
__Hclrtext                         clrtext      000000
__Hcomram                          comram       000000
__Hconfig                          config       30000E
__Hconst                           const        000000
__HcstackBANK0                     cstackBANK0  000000
__HcstackCOMRAM                    cstackCOMRAM 000000
__Hdata                            data         000000
__HdataCOMRAM                      dataCOMRAM   000000
__Heeprom_data                     eeprom_data  000000
__Hfarbss                          farbss       000000
__Hfardata                         fardata      000000
__Hheap                            heap         000000
__Hibigdata                        ibigdata     000000
__Hidata                           idata        000000
__HidataCOMRAM                     idataCOMRAM  000000
__Hidloc                           idloc        200008
__Hifardata                        ifardata     000000
__Hinit                            init         003000
__Hintcode                         intcode      000008
__Hintcode_body                    intcode_body 000000
__Hintcodelo                       intcodelo    000018
__Hintentry                        intentry     000000
__Hintret                          intret       000000
__Hintsave_regs                    intsave_regs 000000
__Hirdata                          irdata       000000
__Hmediumconst                     mediumconst  002FFC
__HnvFARRAM                        nvFARRAM     000000
__Hnvbit                           nvbit        000000
__Hnvrram                          nvrram       000000
__Hparam                           rparam       000000
__Hpowerup                         powerup      000000
__Hram                             ram          000000
__Hramtop                          ramtop       000600
__Hrbit                            rbit         000000
__Hrbss                            rbss         000000
__Hrdata                           rdata        000000
__Hreset_vec                       reset_vec    000004
__Hrparam                          rparam       000000
__Hsfr                             sfr          000000
__Hsivt_hi                         sivt_hi      000000
__Hsivt_lo                         sivt_lo      000018
__Hsmallconst                      smallconst   000000
__Hspace_0                         (abs)        003001
__Hspace_1                         (abs)        000076
__Hspace_2                         (abs)        000000
__Hspace_4                         (abs)        60000E
__Hstack                           stack        000000
__Hstruct                          struct       000000
__Htemp                            temp         000000
__Htext                            text         000000
__Htext0                           text0        000000
__Htext1                           text1        000000
__Htext10                          text10       000000
__Htext11                          text11       000000
__Htext12                          text12       000000
__Htext13                          text13       000000
__Htext14                          text14       000000
__Htext15                          text15       000000
__Htext16                          text16       000000
__Htext17                          text17       000000
__Htext18                          text18       000000
__Htext19                          text19       000000
__Htext2                           text2        000000
__Htext3                           text3        000000
__Htext4                           text4        000000
__Htext5                           text5        000000
__Htext6                           text6        000000
__Htext7                           text7        000000
__Htext8                           text8        000000
__Htext9                           text9        000000
__LRAM                             (abs)        000001
__L__absolute__                    __absolute__ 000000
__Labs1                            abs1         000000
__Lbank0                           bank0        000000
__Lbank1                           bank1        000000
__Lbank2                           bank2        000000
__Lbank3                           bank3        000000
__Lbank4                           bank4        000000
__Lbank5                           bank5        000000
__Lbigbss                          bigbss       000000
__Lbigdata                         bigdata      000000
__Lbigram                          bigram       000000
__Lbigsfr                          bigsfr       000000
__Lbss                             bss          000000
__LbssCOMRAM                       bssCOMRAM    000000
__Lcinit                           cinit        000000
__Lclrtext                         clrtext      000000
__Lcomram                          comram       000000
__Lconfig                          config       000000
__Lconst                           const        000000
__LcstackBANK0                     cstackBANK0  000000
__LcstackCOMRAM                    cstackCOMRAM 000000
__Ldata                            data         000000
__LdataCOMRAM                      dataCOMRAM   000000
__Leeprom_data                     eeprom_data  000000
__Lfarbss                          farbss       000000
__Lfardata                         fardata      000000
__Lheap                            heap         000000
__Libigdata                        ibigdata     000000
__Lidata                           idata        000000
__LidataCOMRAM                     idataCOMRAM  000000
__Lidloc                           idloc        000000
__Lifardata                        ifardata     000000
__Linit                            init         002FFC
__Lintcode                         intcode      000008
__Lintcode_body                    intcode_body 000000
__Lintcodelo                       intcodelo    000018
__Lintentry                        intentry     000000
__Lintret                          intret       000000
__Lintsave_regs                    intsave_regs 000000
__Lirdata                          irdata       000000
__Lmediumconst                     mediumconst  002FEA
__LnvFARRAM                        nvFARRAM     000000
__Lnvbit                           nvbit        000000
__Lnvrram                          nvrram       000000
__Lparam                           rparam       000000
__Lpowerup                         powerup      000000
__Lram                             ram          000000
__Lramtop                          ramtop       000600
__Lrbit                            rbit         000000
__Lrbss                            rbss         000000
__Lrdata                           rdata        000000
__Lreset_vec                       reset_vec    000000
__Lrparam                          rparam       000000
__Lsfr                             sfr          000000
__Lsivt_hi                         sivt_hi      000000
__Lsivt_lo                         sivt_lo      000018
__Lsmallconst                      smallconst   000000
__Lspace_0                         (abs)        000000
__Lspace_1                         (abs)        000000
__Lspace_2                         (abs)        000000
__Lspace_4                         (abs)        000000
__Lstack                           stack        000000
__Lstruct                          struct       000000
__Ltemp                            temp         000000
__Ltext                            text         000000
__Ltext0                           text0        000000
__Ltext1                           text1        000000
__Ltext10                          text10       000000
__Ltext11                          text11       000000
__Ltext12                          text12       000000
__Ltext13                          text13       000000
__Ltext14                          text14       000000
__Ltext15                          text15       000000
__Ltext16                          text16       000000
__Ltext17                          text17       000000
__Ltext18                          text18       000000
__Ltext19                          text19       000000
__Ltext2                           text2        000000
__Ltext3                           text3        000000
__Ltext4                           text4        000000
__Ltext5                           text5        000000
__Ltext6                           text6        000000
__Ltext7                           text7        000000
__Ltext8                           text8        000000
__Ltext9                           text9        000000
__S0                               (abs)        003001
__S1                               (abs)        000076
__S4                               (abs)        000000
__S5                               (abs)        000000
___fldiv                           text17       002836
___fldiv@a                         cstackCOMRAM 00001A
___fldiv@aexp                      cstackCOMRAM 00002E
___fldiv@b                         cstackCOMRAM 000016
___fldiv@bexp                      cstackCOMRAM 00002D
___fldiv@grs                       cstackCOMRAM 000029
___fldiv@new_exp                   cstackCOMRAM 000027
___fldiv@rem                       cstackCOMRAM 000022
___fldiv@sign                      cstackCOMRAM 000026
___flmul                           text16       002BC4
___flmul@a                         cstackCOMRAM 000033
___flmul@aexp                      cstackCOMRAM 000040
___flmul@b                         cstackCOMRAM 00002F
___flmul@bexp                      cstackCOMRAM 000041
___flmul@grs                       cstackCOMRAM 00003C
___flmul@prod                      cstackCOMRAM 000042
___flmul@sign                      cstackCOMRAM 00003B
___flmul@temp                      cstackCOMRAM 000046
___fltol                           text15       002458
___fltol@exp1                      cstackCOMRAM 000051
___fltol@f1                        cstackCOMRAM 000048
___fltol@sign1                     cstackCOMRAM 000050
___heap_hi                         (abs)        000000
___heap_lo                         (abs)        000000
___inthi_sp                        stack        000000
___inthi_stack_hi                  stack        000000
___inthi_stack_lo                  stack        000000
___intlo_sp                        stack        000000
___intlo_stack_hi                  stack        000000
___intlo_stack_lo                  stack        000000
___lwdiv                           text7        002222
___lwdiv@counter                   cstackCOMRAM 000007
___lwdiv@dividend                  cstackCOMRAM 000001
___lwdiv@divisor                   cstackCOMRAM 000003
___lwdiv@quotient                  cstackCOMRAM 000005
___lwmod                           text6        0020E2
___lwmod@counter                   cstackCOMRAM 00000C
___lwmod@dividend                  cstackCOMRAM 000008
___lwmod@divisor                   cstackCOMRAM 00000A
___param_bank                      (abs)        000000
___rparam_used                     (abs)        000001
___sp                              stack        000000
___stack_hi                        stack        000000
___stack_lo                        stack        000000
___xxtofl                          text14       002682
___xxtofl@arg                      cstackCOMRAM 000012
___xxtofl@exp                      cstackCOMRAM 000011
___xxtofl@sign                     cstackCOMRAM 000010
___xxtofl@val                      cstackCOMRAM 000008
__accesstop                        (abs)        000060
__activetblptr                     (abs)        000002
__end_of___fldiv                   text17       002BC4
__end_of___flmul                   text16       002FEA
__end_of___fltol                   text15       00255E
__end_of___lwdiv                   text7        002294
__end_of___lwmod                   text6        002146
__end_of___xxtofl                  text14       002836
__end_of__initialization           cinit        001FBC
__end_of_can_transmit              text18       0021B4
__end_of_get_rpm                   text12       00238E
__end_of_init_adc                  text11       001FA8
__end_of_init_can                  text10       00209C
__end_of_init_config               text8        001F8C
__end_of_init_digital_keypad       text9        001F7E
__end_of_int_to_str                text5        002458
__end_of_main                      text0        002682
__end_of_process_indicator         text3        002222
__end_of_read_adc                  text13       0020E2
__end_of_read_digital_keypad       text4        002308
__end_of_set_msg_id_std            text19       002060
__end_of_strcpy                    text2        002024
__end_of_strlen                    text1        001FF4
__initialization                   cinit        001FA8
__mediumconst                      mediumconst  002FEA
__pbssCOMRAM                       bssCOMRAM    000056
__pcinit                           cinit        001FA8
__pcstackBANK0                     cstackBANK0  000060
__pcstackCOMRAM                    cstackCOMRAM 000001
__pdataCOMRAM                      dataCOMRAM   000057
__pidataCOMRAM                     idataCOMRAM  003000
__pmediumconst                     mediumconst  002FEA
__ptext0                           text0        00255E
__ptext1                           text1        001FC6
__ptext10                          text10       002060
__ptext11                          text11       001F8C
__ptext12                          text12       002308
__ptext13                          text13       00209C
__ptext14                          text14       002682
__ptext15                          text15       002458
__ptext16                          text16       002BC4
__ptext17                          text17       002836
__ptext18                          text18       002146
__ptext19                          text19       002024
__ptext2                           text2        001FF4
__ptext3                           text3        0021B4
__ptext4                           text4        002294
__ptext5                           text5        00238E
__ptext6                           text6        0020E2
__ptext7                           text7        002222
__ptext8                           text8        001F7E
__ptext9                           text9        001F76
__ramtop                           ramtop       000600
__smallconst                       mediumconst  002FEA
_can_transmit                      text18       002146
_get_rpm                           text12       002308
_init_adc                          text11       001F8C
_init_can                          text10       002060
_init_config                       text8        001F7E
_init_digital_keypad               text9        001F76
_int_to_str                        text5        00238E
_main                              text0        00255E
_process_indicator                 text3        0021B4
_read_adc                          text13       00209C
_read_digital_keypad               text4        002294
_set_msg_id_std                    text19       002024
_strcpy                            text2        001FF4
_strlen                            text1        001FC6
can_transmit@data                  cstackCOMRAM 000007
can_transmit@i                     cstackCOMRAM 00000E
can_transmit@len                   cstackCOMRAM 000008
can_transmit@msg_id                cstackCOMRAM 000005
can_transmit@ptr                   cstackCOMRAM 00000C
end_of_initialization              cinit        001FBC
get_rpm@rpm                        cstackCOMRAM 000054
get_rpm@value                      cstackCOMRAM 000052
int_to_str@num                     cstackCOMRAM 00000D
int_to_str@str                     cstackCOMRAM 00000F
intlevel0                          text         000000
intlevel1                          text         000000
intlevel2                          text         000000
intlevel3                          text         000000
isa$std                            (abs)        000001
isa$xinst                          (abs)        000000
main@indicator_str                 cstackBANK0  000060
main@rpm_str                       cstackBANK0  00006A
main@status                        cstackBANK0  000075
main@val                           cstackBANK0  00006F
main@wait                          cstackBANK0  000071
main@wait_88                       cstackBANK0  000073
process_indicator@current_status   bssCOMRAM    000056
process_indicator@key              cstackCOMRAM 000002
read_adc@channel                   cstackCOMRAM 000007
read_adc@reg_val                   cstackCOMRAM 000005
read_digital_keypad@detection_type cstackCOMRAM 000001
read_digital_keypad@once           dataCOMRAM   000057
set_msg_id_std@id                  cstackCOMRAM 000001
stackhi                            (abs)        000000
stacklo                            (abs)        000000
start                              init         002FFC
start_initialization               cinit        001FA8
strcpy@d                           cstackCOMRAM 000004
strcpy@dest                        cstackCOMRAM 000001
strcpy@src                         cstackCOMRAM 000002
strlen@a                           cstackCOMRAM 000003
strlen@s                           cstackCOMRAM 000001


MODULE INFORMATION

Module		Function		Class		Link	Load	Size
C:\Program Files\Microchip\xc8\v3.10\pic\sources\c99\common\lwmod.c
		___lwmod       		CODE           	20E2	0000	100

C:\Program Files\Microchip\xc8\v3.10\pic\sources\c99\common\lwmod.c estimated size: 100

C:\Program Files\Microchip\xc8\v3.10\pic\sources\c99\common\lwdiv.c
		___lwdiv       		CODE           	2222	0000	114

C:\Program Files\Microchip\xc8\v3.10\pic\sources\c99\common\lwdiv.c estimated size: 114

adc.c
		_init_adc      		CODE           	1F8C	0000	28
		_read_adc      		CODE           	209C	0000	70

adc.c estimated size: 98

C:\Program Files\Microchip\xc8\v3.10\pic\sources\c99\common\fltol.c
		___fltol       		CODE           	2458	0000	262

C:\Program Files\Microchip\xc8\v3.10\pic\sources\c99\common\fltol.c estimated size: 262

C:\Program Files\Microchip\xc8\v3.10\pic\sources\c99\common\sprcmul.c
		___flmul       		CODE           	2BC4	0000	1062

C:\Program Files\Microchip\xc8\v3.10\pic\sources\c99\common\sprcmul.c estimated size: 1062

C:\Program Files\Microchip\xc8\v3.10\pic\sources\c99\common\xxtofl.c
		___xxtofl      		CODE           	2682	0000	436

C:\Program Files\Microchip\xc8\v3.10\pic\sources\c99\common\xxtofl.c estimated size: 436

C:\Program Files\Microchip\xc8\v3.10\pic\sources\c99\common\sprcdiv.c
		___fldiv       		CODE           	2836	0000	910

C:\Program Files\Microchip\xc8\v3.10\pic\sources\c99\common\sprcdiv.c estimated size: 910

shared
		__initialization		CODE           	1FA8	0000	20

shared estimated size: 20

ecu1_sensor.c
		_process_indicator		CODE           	21B4	0000	110
		_get_rpm       		CODE           	2308	0000	134

ecu1_sensor.c estimated size: 244

C:\Program Files\Microchip\xc8\v3.10\pic\sources\c99\common\strlen.c
		_strlen        		CODE           	1FC6	0000	46

C:\Program Files\Microchip\xc8\v3.10\pic\sources\c99\common\strlen.c estimated size: 46

C:\Program Files\Microchip\xc8\v3.10\pic\sources\c99\common\strcpy.c
		_strcpy        		CODE           	1FF4	0000	48

C:\Program Files\Microchip\xc8\v3.10\pic\sources\c99\common\strcpy.c estimated size: 48

can.c
		_set_msg_id_std		CODE           	2024	0000	60
		_can_transmit  		CODE           	2146	0000	110
		_init_can      		CODE           	2060	0000	60

can.c estimated size: 230

main.c
		_int_to_str    		CODE           	238E	0000	202
		_main          		CODE           	255E	0000	292
		_init_config   		CODE           	1F7E	0000	14

main.c estimated size: 508

dkp.c
		_init_digital_keypad		CODE           	1F76	0000	8
		_read_digital_keypad		CODE           	2294	0000	116

dkp.c estimated size: 124

